[backblue.gif]
[fade.gif]
[index.html]
[rootedthegame.com/storage/KeyArt-Rooted.png]
[cdn.embedly.com/widgets/platform.js]
[rootedthegame.com/storage/apple-touch-icon.png]
[rootedthegame.com/storage/favicon-32x32.png]
[rootedthegame.com/storage/favicon-16x16.png]
[rootedthegame.com/build/assets/app.d7b06d3a.js]
[kit.fontawesome.com/5c93c6655e.js]
[rootedthegame.com/storage/logoRooted.png]
[rootedthegame.com/storage/steam-logo.png]
[rootedthegame.com/storage/Epic_games_store_logo.png]
[rootedthegame.com/storage/rooted-logo-550.png]
[rootedthegame.com/storage/Steam-logo-white.png]
[rootedthegame.com/storage/logo_UE.png]
[rootedthegame.com/storage/island-rooted.jpg]
[rootedthegame.com/storage/rooted-1.jpg]
[rootedthegame.com/storage/rooted-2.jpg]
[rootedthegame.com/storage/rooted-3.jpg]
[rootedthegame.com/storage/rooted-4.jpg]
[rootedthegame.com/storage/rooted-5.jpg]
[rootedthegame.com/storage/multiplayer.mp4]
[rootedthegame.com/storage/salvage-680.mp4]
[rootedthegame.com/storage/salvage-guitar.mp4]
[rootedthegame.com/storage/crouch.gif]
[rootedthegame.com/storage/window.gif]
[rootedthegame.com/storage/infiltration.gif]
[rootedthegame.com/storage/HoomansSteam.mp4]
[rootedthegame.com/storage/AnimolsSteam.mp4]
[rootedthegame.com/storage/RobotsSteam.mp4]
[rootedthegame.com/js/jquery.min.js]
[rootedthegame.com/js/jquery.easing.1.3.js]
[rootedthegame.com/js/bootstrap.bundle.min.js]
[rootedthegame.com/js/SmoothScroll.js]
[rootedthegame.com/js/jquery.scrollTo.min.js]
[rootedthegame.com/js/jquery.localScroll.min.js]
[rootedthegame.com/js/jquery.viewport.mini.js]
[rootedthegame.com/js/jquery.parallax-1.1.3.js]
[rootedthegame.com/js/jquery.fitvids.js]
[rootedthegame.com/js/isotope.pkgd.min.js]
[rootedthegame.com/js/imagesloaded.pkgd.min.js]
[rootedthegame.com/js/jquery.magnific-popup.min.js]
[rootedthegame.com/js/masonry.pkgd.min.js]
[rootedthegame.com/js/jquery.lazyload.min.js]
[rootedthegame.com/js/wow.min.js]
[rootedthegame.com/js/typed.min.js]
[rootedthegame.com/js/all.js]
[rootedthegame.com/index.html]
[rootedthegame.com/images/favicon.html]
[rootedthegame.com/css/bootstrap.min.css]
[rootedthegame.com/css/style.css]
[rootedthegame.com/css/style-responsive.css]
[rootedthegame.com/css/vertical-rhythm.min.css]
[rootedthegame.com/css/magnific-popup.css]
[rootedthegame.com/css/animate.min.css]
[rootedthegame.com/css/splitting.css]
[rootedthegame.com/build/assets/app.b39cc9c1.css]
[rootedthegame.com/storage/grange.jpg]
[rootedthegame.com/storage/bgNews.jpg]
[rootedthegame.com/storage/alert-stay-safe-from-scam-websites-rooted-community.jpg]
[rootedthegame.com/storage/a.jpg]
[rootedthegame.com/storage/halloween-apocalypse-rooted-time-loop-event-20-years-back.jpg]
[rootedthegame.com/storage/the-closed-alpha-is-live.jpg]
[rootedthegame.com/storage/everything-you-need-to-know-before-launching-the-first-alpha.jpg]
[rootedthegame.com/storage/rooted-alpha-launch-date-and-must-see-video.jpg]
[rootedthegame.com/storage/rooted-available-on-epic-games-store.jpg]
[rootedthegame.com/storage/our-discord-bot-has-been-updated.jpg]
[rootedthegame.com/storage/alpha-roadmap-for-rooted-is-now-live.jpg]
[rootedthegame.com/storage/rooted-exploration.jpg]
[rootedthegame.com/storage/banner_registernow.jpg]
[rootedthegame.com/storage/time-mocap-banner.jpg]
[rootedthegame.com/storage/our-progress.jpg]
[rootedthegame.com/storage/roadmap.jpg]
[rootedthegame.com/storage/kickstarter.jpg]
[rootedthegame.com/storage/discover-trailer.png]
[rootedthegame.com/storage/closed_alpha.jpg]
[rootedthegame.com/storage/80k-wishlists-development-progress-and-more.jpg]
[rootedthegame.com/storage/rooted-discord.png]
[rootedthegame.com/storage/30k-wishlists.png]
[rootedthegame.com/storage/rooted-news.jpg]
[rootedthegame.com/news.html]
[rootedthegame.com/storage/grange.webp]
[rootedthegame.com/timeline.html]
[rootedthegame.com/join-alpha.html]
[rootedthegame.com/storage/bg_pledge.webp]
[rootedthegame.com/storage/bg_rewards.jpg]
[rootedthegame.com/storage/rewards.jpg]
[rootedthegame.com/storage/6feet.jpg]
[code.jquery.com/jquery-3.3.1.slim.min.js]
[cdnjs.cloudflare.com/ajax/libs/popper.js/1.14.7/umd/popper.min.js]
[rootedthegame.com/pledge.html]
[rootedthegame.com/jobs.html]
[stackpath.bootstrapcdn.com/bootstrap/4.3.1/js/bootstrap.min.js]
[rootedthegame.com/login.html]
[rootedthegame.com/faq.html]
[rootedthegame.com/legal-notice.html]
[rootedthegame.com/tos.html]
[rootedthegame.com/policy.html]
[rootedthegame.com/storage/discord-official-server.jpg]
[rootedthegame.com/storage/discord-rooted-banner.jpg]
[rootedthegame.com/storage/tutoDiscord.jpg]
[rootedthegame.com/storage/alpha-channels.jpg]
[rootedthegame.com/discord.html]
[rootedthegame.com/webfonts/fa-brands-400.eot]
[rootedthegame.com/webfonts/fa-brands-400d41d.eot]
[rootedthegame.com/webfonts/fa-brands-400.woff2]
[rootedthegame.com/webfonts/fa-brands-400.woff]
[rootedthegame.com/webfonts/fa-brands-400.ttf]
[rootedthegame.com/webfonts/fa-regular-400.eot]
[rootedthegame.com/webfonts/fa-regular-400d41d.eot]
[rootedthegame.com/webfonts/fa-regular-400.woff2]
[rootedthegame.com/webfonts/fa-regular-400.woff]
[rootedthegame.com/webfonts/fa-regular-400.ttf]
[rootedthegame.com/webfonts/fa-solid-900.eot]
[rootedthegame.com/webfonts/fa-solid-900d41d.eot]
[rootedthegame.com/webfonts/fa-solid-900.woff2]
[rootedthegame.com/webfonts/fa-solid-900.woff]
[rootedthegame.com/webfonts/fa-solid-900.ttf]
[rootedthegame.com/css/all.min.css]
[rootedthegame.com/images/pattern-bg-2.html]
[rootedthegame.com/storage/alert-stay-safe-from-scam-websites-rooted-community-banner.jpg]
[rootedthegame.com/news/stay-safe-from-scam-websites-rooted-community.html]
[rootedthegame.com/storage/a-banner.jpg]
[rootedthegame.com/news/qa-rooted-community-january-2024.html]
[rootedthegame.com/storage/halloween-special-night-monastery-changed-banner.jpg]
[rootedthegame.com/storage/halloween-mask-01.png]
[rootedthegame.com/storage/halloween-mask-02.png]
[rootedthegame.com/storage/halloween-mask-03.png]
[rootedthegame.com/storage/halloween-axe.png]
[rootedthegame.com/storage/lootbox-halloween-rooted.jpg]
[rootedthegame.com/storage/pie-menu-emotes.png]
[rootedthegame.com/storage/bactria-rooted.png]
[rootedthegame.com/storage/rooted-watch.png]
[rootedthegame.com/storage/Rooted-Halloween-inventory.png]
[rootedthegame.com/news/halloween-apocalypse-rooted-time-loop-event-20-years-back.html]
[rootedthegame.com/storage/the-closed-alpha-is-live-banner.jpg]
[rootedthegame.com/storage/rooted-from-players.jpg]
[rootedthegame.com/news/the-closed-alpha-is-live.html]
[rootedthegame.com/storage/everything-you-need-to-know-before-launching-the-first-alpha-banner.jpg]
[rootedthegame.com/news/everything-you-need-to-know-before-launching-the-first-alpha.html]
[rootedthegame.com/storage/rooted-alpha-launch-date-and-must-see-video-banner.jpg]
[rootedthegame.com/news/rooted-alpha-release-date-developer-insight-music.html]
[rootedthegame.com/storage/rooted-available-on-epic-games-store-banner.jpg]
[rootedthegame.com/news/rooted-available-on-epic-games-store.html]
[rootedthegame.com/storage/our-discord-bot-has-been-updated-banner.jpg]
[rootedthegame.com/news/our-discord-bot-has-been-updated.html]
[rootedthegame.com/storage/alpha-roadmap-for-rooted-is-now-live-banner.jpg]
[rootedthegame.com/storage/timeline-rooted-alpha.jpg]
[rootedthegame.com/news/alpha-roadmap-for-rooted-is-now-live.html]
[rootedthegame.com/storage/bannertest.jpg]
[rootedthegame.com/storage/be_part_of_the_alpha.jpg]
[rootedthegame.com/storage/xsens_rooted.jpg]
[rootedthegame.com/storage/gameplay_footage.jpg]
[rootedthegame.com/storage/follow_our_progress.jpg]
[rootedthegame.com/news/1st-alpha-session-exploration-and-survival-monastery.html]
[rootedthegame.com/storage/register-now-banner.jpg]
[rootedthegame.com/storage/monastery_church_rooted.jpg]
[rootedthegame.com/storage/monastery_blockout_rooted.jpg]
[rootedthegame.com/news/register-now-for-alpha-sessions-coming-in-2023.html]
[rootedthegame.com/storage/kickstarter-homepage-rooted.jpg]
[rootedthegame.com/storage/bones-studio.jpg]
[rootedthegame.com/news/rooted-200-funded-mocap-animations.html]
[rootedthegame.com/storage/our-progress-and-alpha-sessions-banner.jpg]
[rootedthegame.com/news/our-progress-and-alpha-sessions.html]
[rootedthegame.com/storage/roadmap-banner.jpg]
[rootedthegame.com/news/Our-road-map-and-pvp-news.html]
[rootedthegame.com/storage/metro-rooted.gif]
[rootedthegame.com/news/Rooted-s-Kickstarter-is-launched.html]
[rootedthegame.com/storage/Discover-our-trailer-banner.jpg]
[rootedthegame.com/news/Discover-our-trailer.html]
[rootedthegame.com/news/closed-Alpha-Trailer-Kickstarter-pre-launch-and-130K-wishlists!.html]
[rootedthegame.com/storage/rooted-office.jpg]
[rootedthegame.com/storage/wooden-cabin.jpg]
[rootedthegame.com/news/80k-wishlists-development-progress-and-more.html]
[rootedthegame.com/news/join-us-on-discord.html]
[rootedthegame.com/storage/default_banner.jpg]
[rootedthegame.com/news/30k-wishlists-on-Steam.html]
[rootedthegame.com/news/Latest-Updates-from-Rooted.html]
[rootedthegame.com/forgot-password.html]
[rootedthegame.com/register.html]
[rootedthegame.com/webfonts/fa-brands-400.svg]
[rootedthegame.com/webfonts/fa-regular-400.svg]
[rootedthegame.com/webfonts/fa-solid-900.svg]
[rootedthegame.com/news/images/favicon.html]
